==== Trace start: 2026-07-28T18:10:16.6037265Z ====
18:10:16.605  CustomAssetsMod.RegisterPrototypes: start (modBasePath=C:\Users\www\AppData\Roaming\Captain of Industry\Mods\CustomAssets)
18:10:16.607  MachinePortsDumper.DumpToJson: invoking
18:10:16.614  [Info] MachinePortsDumper: starting
18:10:16.623  [Info] MachinePortsDumper: wrote C:\Users\www\AppData\Roaming\Captain of Industry\Mods\CustomAssets\Data\machine_ports.json
18:10:16.624  MachinePortsDumper.DumpToJson: returned
18:10:16.626  CustomAssetsMod.RegisterPrototypes: done
18:10:16.627  [Info] CustomAssets_AirFiltering: pack registering prototypes
18:10:16.630  [Info] PrimitiveStockGenerator: 0 generated, 7 already present, in C:\Users\www\AppData\Roaming\Captain of Industry\Mods\CustomAssets\Assets/Primitives
18:10:16.634  [Info] ModTranslations[CustomAssets_AirFiltering]: spliced 10 translation(s) from 'ru.json' into LocalizationManager.s_data.
18:10:16.640  RegisterData: start (mod=CustomAssets_AirFiltering, base=C:\Users\www\AppData\Roaming\Captain of Industry\Mods\CustomAssets_AirFiltering)
18:10:16.640  [Info] Location of modules: C:\Users\www\AppData\Roaming\Captain of Industry\Mods\CustomAssets_AirFiltering\Definitions
18:10:16.643  RegisterData[CustomAssets_AirFiltering]: __init__.py exists, loading
18:10:16.644  register: parsing __init__.py
18:10:16.650  register: parsed __init__.py (3 tokens, 1 statements)
18:10:16.657  register: executing 1 statements in __init__.py
18:10:16.659  register: __init__.py statement[0] LocalImportStatement
18:10:16.660    dependencies: '__init__.py' -> 'filter_media_iron_lime'
18:10:16.663  register: parsing filter_media_iron_lime.py
18:10:16.680  register: parsed filter_media_iron_lime.py (730 tokens, 11 statements)
18:10:16.681  register: executing 11 statements in filter_media_iron_lime.py
18:10:16.682  register: filter_media_iron_lime.py statement[0] ImportStatement
18:10:16.715  register: filter_media_iron_lime.py statement[1] ImportStatement
18:10:16.740  register: filter_media_iron_lime.py statement[2] ImportStatement
18:10:16.742  register: filter_media_iron_lime.py statement[3] AssignmentStatement
18:10:16.756  register: filter_media_iron_lime.py statement[4] AssignmentStatement
18:10:16.758  register: filter_media_iron_lime.py statement[5] EvaluateStatement
18:10:16.767  register: filter_media_iron_lime.py statement[6] EvaluateStatement
18:10:16.783  register: filter_media_iron_lime.py statement[7] EvaluateStatement
18:10:16.785  register: filter_media_iron_lime.py statement[8] EvaluateStatement
18:10:16.788  register: filter_media_iron_lime.py statement[9] AssignmentStatement
18:10:16.795  build_machine[BoilerWood]: source=BoilerCoal, extra_ports=4, total_ports=4, copy_layout=True, copy_ports=False, copy_graphics=True
18:10:16.796  build_machine[BoilerWood]: complete (locked=False)
18:10:16.797  register: filter_media_iron_lime.py statement[10] EvaluateStatement
18:10:16.798  register: COMPLETED filter_media_iron_lime.py
18:10:16.799  register: COMPLETED __init__.py
18:10:16.800  RegisterData[CustomAssets_AirFiltering]: __init__.py loaded
18:10:16.802  RegisterData[CustomAssets_AirFiltering]: complete (loaded=2, failed=0)
18:10:16.805  [Info] CustomAssets_LiquifiedCoal: pack registering prototypes
18:10:16.807  [Info] ModTranslations[CustomAssets_LiquifiedCoal]: spliced 18 translation(s) from 'ru.json' into LocalizationManager.s_data.
18:10:16.808  RegisterData: start (mod=CustomAssets_LiquifiedCoal, base=C:\Users\www\AppData\Roaming\Captain of Industry\Mods\CustomAssets_LiquifiedCoal)
18:10:16.809  [Info] Location of modules: C:\Users\www\AppData\Roaming\Captain of Industry\Mods\CustomAssets_LiquifiedCoal\Definitions
18:10:16.810  RegisterData[CustomAssets_LiquifiedCoal]: __init__.py exists, loading
18:10:16.812  register: parsing __init__.py
18:10:16.814  register: parsed __init__.py (10 tokens, 2 statements)
18:10:16.815  register: executing 2 statements in __init__.py
18:10:16.816  register: __init__.py statement[0] LocalImportStatement
18:10:16.817    dependencies: '__init__.py' -> 'liquified_coal'
18:10:16.819  register: parsing liquified_coal.py
18:10:16.827  register: parsed liquified_coal.py (195 tokens, 6 statements)
18:10:16.829  register: executing 6 statements in liquified_coal.py
18:10:16.830  register: liquified_coal.py statement[0] ImportStatement
18:10:16.912  register: liquified_coal.py statement[1] ImportStatement
18:10:16.943  register: liquified_coal.py statement[2] ImportStatement
18:10:16.944  register: liquified_coal.py statement[3] EvaluateStatement
18:10:16.948  register: liquified_coal.py statement[4] EvaluateStatement
18:10:16.950  register: liquified_coal.py statement[5] EvaluateStatement
18:10:16.951  register: COMPLETED liquified_coal.py
18:10:16.953  register: __init__.py statement[1] LocalImportStatement
18:10:16.954    dependencies: '__init__.py' -> 'coal_liquification'
18:10:16.955  register: parsing coal_liquification.py
18:10:16.970  register: parsed coal_liquification.py (996 tokens, 22 statements)
18:10:16.971  register: executing 22 statements in coal_liquification.py
18:10:16.972  register: coal_liquification.py statement[0] ImportStatement
18:10:17.043  register: coal_liquification.py statement[1] ImportStatement
18:10:17.066  register: coal_liquification.py statement[2] ImportStatement
18:10:17.068  register: coal_liquification.py statement[3] AssignmentStatement
18:10:17.079  register: coal_liquification.py statement[4] EvaluateStatement
18:10:17.081  register: coal_liquification.py statement[5] EvaluateStatement
18:10:17.082  register: coal_liquification.py statement[6] EvaluateStatement
18:10:17.084  register: coal_liquification.py statement[7] AssignmentStatement
18:10:17.085  register: coal_liquification.py statement[8] AssignmentStatement
18:10:17.086  register: coal_liquification.py statement[9] AssignmentStatement
18:10:17.088  register: coal_liquification.py statement[10] AssignmentStatement
18:10:17.089  register: coal_liquification.py statement[11] IfStatement
18:10:17.092  register: coal_liquification.py statement[12] EvaluateStatement
18:10:17.094  register: coal_liquification.py statement[13] EvaluateStatement
18:10:17.118  register: coal_liquification.py statement[14] EvaluateStatement
18:10:17.147  register: coal_liquification.py statement[15] EvaluateStatement
18:10:17.178  register: coal_liquification.py statement[16] EvaluateStatement
18:10:17.206  register: coal_liquification.py statement[17] EvaluateStatement
18:10:17.232  register: coal_liquification.py statement[18] EvaluateStatement
18:10:17.265  register: coal_liquification.py statement[19] AssignmentStatement
18:10:17.267  register: coal_liquification.py statement[20] AssignmentStatement
18:10:17.269  register: coal_liquification.py statement[21] EvaluateStatement
18:10:17.272  register: COMPLETED coal_liquification.py
18:10:17.273  register: COMPLETED __init__.py
18:10:17.274  RegisterData[CustomAssets_LiquifiedCoal]: __init__.py loaded
18:10:17.276  RegisterData[CustomAssets_LiquifiedCoal]: complete (loaded=3, failed=0)
18:10:17.330  [Info] [BDT.BpUpdate] Patched BlueprintsWindow constructor.
18:10:17.333  [Info] [BDT.RecycleBin] Patched BlueprintsLibrary.DeleteItem for Recycle Bin.
18:10:17.343  [Info] [BDT.RecycleBin] Patched blueprint library deleteConfirm for confirmation suppression.
18:10:17.360  [Info] [BDT.FolderPersist] Folder persistence patches applied.
18:10:17.388  [Info] [BDT.BpStats] Patched BlueprintDetail constructor and SetBlueprint.
18:10:17.396  [Info] [BDT.BpExport] Patched BlueprintDetail for markdown export.
18:10:17.404  [Info] [BDT.BpExport] Patched BlueprintFolderDetail for folder markdown export.
18:10:17.428  [Info] [BDT.NormSym] Patched BlueprintsLibrary.TryCreateBlueprint for symmetric normalization.
18:10:17.430  [Info] [BDT.LegacyBeltConfigurations] tryGetStepCost transpiler: replaced 2 IsParallelTo calls.
18:10:17.442  [Info] [BDT.LegacyBeltConfigurations] Patched TransportPathFinder.tryGetStepCost.
18:10:17.468  [Info] [BDT.LegacyBeltConfigurations] Patched TransportPathFinder.InitPathFinding.
18:10:17.479  [Info] [BDT.LegacyBeltConfigurations] Patched TransportPathFinder.ChangeGoal.
18:10:17.481  [Info] [BDT.LegacyBeltConfigurations] CanChangeDirectionOf transpiler: wrapped 4 Tile3i.Z field loads.
18:10:17.490  [Info] [BDT.LegacyBeltConfigurations] Patched TransportsConstructionHelper.CanChangeDirectionOf.
18:10:17.521  [Info] [BDT.RateLimitPatches] Rate limit patches applied.
18:10:17.527  [Info] [BDT.ThroughputPatches] Patched ReceiveAsMuchAsFromPort on Transport
18:10:17.529  [Info] [BDT.ThroughputPatches] Patched ReceiveAsMuchAsFromPort on Lift
18:10:17.530  [Info] [BDT.ThroughputPatches] Patched ReceiveAsMuchAsFromPort on Zipper
18:10:17.543  [Info] [BDT.ThroughputPatches] Patched ReceiveAsMuchAsFromPort on Sorter
18:10:17.552  [Info] [BDT.ThroughputPatches] Patched ReceiveAsMuchAsFromPort on MiniZipper
18:10:17.555  [Info] [BDT.ThroughputPatches] Patched ReceiveAsMuchAsFromPort on ProductsSinkEntity
18:10:17.558  [Info] [BDT.ThroughputPatches] Patched ReceiveAsMuchAsFromPort on UniversalProductsSink
18:10:17.563  [Info] [BDT.ThroughputPatches] Patched SimUpdate on ProductsSourceEntity
18:10:17.569  [Info] [BDT.ThroughputPatches] Patched SimUpdate on UniversalProductsSource
18:10:17.570  [Info] [BDT.ThroughputPatches] Throughput patches applied successfully.
18:10:17.627  [Info] [BDT.ThroughputInspectorPatches] Patched constructor for Mafi.Unity.Ui.Inspectors.TransportInspector
18:10:17.644  [Info] [BDT.ThroughputInspectorPatches] Patched constructor for Mafi.Unity.Ui.Inspectors.LiftInspector
18:10:17.709  [Info] [BDT.ThroughputInspectorPatches] Patched constructor for Mafi.Unity.Ui.Inspectors.ZipperInspector
18:10:17.740  [Info] [BDT.ThroughputInspectorPatches] Patched constructor for Mafi.Unity.Ui.Inspectors.SorterInspector
18:10:17.754  [Info] [BDT.ThroughputInspectorPatches] Patched constructor for Mafi.Unity.Ui.Inspectors.MiniZipperInspector
18:10:17.776  [Info] [BDT.ThroughputInspectorPatches] Patched constructor for Mafi.Unity.Ui.Inspectors.ProductsSourceEntityInspector
18:10:17.792  [Info] [BDT.ThroughputInspectorPatches] Patched constructor for Mafi.Unity.Ui.Inspectors.ProductsSinkEntityInspector
18:10:17.812  [Info] [BDT.ThroughputInspectorPatches] Patched constructor for Mafi.Unity.Ui.Inspectors.UniversalProductsSourceInspector
18:10:17.818  [Info] [BDT.ThroughputInspectorPatches] Patched constructor for Mafi.Unity.Ui.Inspectors.UniversalProductsSinkInspector
18:10:17.834  [Info] [BDT.ContentDisplayPatches] Patched constructor for ZipperInspector
18:10:17.841  [Info] [BDT.ContentDisplayPatches] Patched EntitiesCommandsProcessor.Invoke(QuickRemoveFromEntityCmd) prefix
18:10:18.004  [Info] [BDT.UndoPatches] Successfully applied UndoPatches.
18:10:18.018  [Info] [BDT.PollutionPatches] Patched Machine.tryPushFinishedRecipeToBuffers.
18:10:18.020  [Info] [BDT.PollutionPatches] Patched ProductBuffer.StoreAsMuchAs.
18:10:18.026  [Info] [BDT.PollutionPatches] Patched FuelTank.ConsumeFuelPerUpdate(Percent).
18:10:18.028  [Info] [BDT.PollutionPatches] Patched FuelTank.ConsumeFuelPerUpdate(VehicleFuelConsumption).
18:10:18.031  [Info] [BDT.PollutionPatches] Patched CargoShipV2.ConsumeFuel.
18:10:18.050  [Info] [BDT.PollutionPatches] Patched FuelStatsCollector.ReportFuelUseAndDestroy.
18:10:18.051  [Info] [BDT.PollutionPatches] Pollution patches applied successfully.
18:10:18.063  [Info] TransportData: Registering extra transports data
18:10:18.065  [Info] Transport Data: 4th tier flat conveyor registered
18:10:18.067  [Info] Transport Data: 5th tier flat conveyor registered
18:10:18.069  [Info] Transport Data: 4th tier loose material conveyor registered
18:10:18.070  [Info] Transport Data: 5th tier loose material conveyor registered
18:10:18.073  [Info] Transport Data: 5th tier fluid pipe registered
18:10:19.001  [Info] Fusion_Horizon: pack registering prototypes
18:10:19.005  [Info] ModTranslations[Fusion_Horizon]: spliced 63 translation(s) from 'ru.json' into LocalizationManager.s_data.
18:10:19.006  RegisterData: start (mod=Fusion_Horizon, base=C:\Users\www\AppData\Roaming\Captain of Industry\Mods\Fusion_Horizon)
18:10:19.007  [Info] Location of modules: C:\Users\www\AppData\Roaming\Captain of Industry\Mods\Fusion_Horizon\Definitions
18:10:19.009  RegisterData[Fusion_Horizon]: __init__.py exists, loading
18:10:19.010  register: parsing __init__.py
18:10:19.012  register: parsed __init__.py (19 tokens, 4 statements)
18:10:19.013  register: executing 4 statements in __init__.py
18:10:19.015  register: __init__.py statement[0] LocalImportStatement
18:10:19.016    dependencies: '__init__.py' -> 'Candu'
18:10:19.018  register: parsing Candu.py
18:10:19.033  register: parsed Candu.py (981 tokens, 24 statements)
18:10:19.034  register: executing 24 statements in Candu.py
18:10:19.036  register: Candu.py statement[0] ImportStatement
18:10:19.068  register: Candu.py statement[1] ImportStatement
18:10:19.093  register: Candu.py statement[2] ImportStatement
18:10:19.094  register: Candu.py statement[3] AssignmentStatement
18:10:19.099  register: Candu.py statement[4] AssignmentStatement
18:10:19.100  register: Candu.py statement[5] AssignmentStatement
18:10:19.102  register: Candu.py statement[6] AssignmentStatement
18:10:19.131  register: Candu.py statement[7] AssignmentStatement
18:10:19.134  register: Candu.py statement[8] AssignmentStatement
18:10:19.137  register: Candu.py statement[9] AssignmentStatement
18:10:19.139  register: Candu.py statement[10] AssignmentStatement
18:10:19.141  register: Candu.py statement[11] AssignmentStatement
18:10:19.142  build_machine[Heat_exchanger_candu]: source=ThermalDesalinator, extra_ports=0, total_ports=4, copy_layout=True, copy_ports=True, copy_graphics=True
18:10:19.144  build_machine[Heat_exchanger_candu]: complete (locked=True)
18:10:19.145  register: Candu.py statement[12] AssignmentStatement
18:10:19.147  register: Candu.py statement[13] AssignmentStatement
18:10:19.149  register: Candu.py statement[14] AssignmentStatement
18:10:19.150  register: Candu.py statement[15] AssignmentStatement
18:10:19.152  register: Candu.py statement[16] AssignmentStatement
18:10:19.153  register: Candu.py statement[17] AssignmentStatement
18:10:19.154  register: Candu.py statement[18] AssignmentStatement
18:10:19.156  register: Candu.py statement[19] AssignmentStatement
18:10:19.167  register: Candu.py statement[20] AssignmentStatement
18:10:19.180  register: Candu.py statement[21] AssignmentStatement
18:10:19.192  register: Candu.py statement[22] AssignmentStatement
18:10:19.199  build_nuclear_reactor[Candu_Reactor_T1_build]: fuel_pairs overridden (2 entries)
18:10:19.200  build_nuclear_reactor[Candu_Reactor_T1_build]: port 'F' shape 'IoPortShape_FlatConveyor' (char '#') -> 'IoPortShape_FlatConveyor' (char '#')
18:10:19.203  build_nuclear_reactor[Candu_Reactor_T1_build]: port 'S' shape 'IoPortShape_FlatConveyor' (char '#') -> 'IoPortShape_FlatConveyor' (char '#')
18:10:19.208  build_nuclear_reactor[Candu_Reactor_T1_build]: fuel-port shapes substituted (in=IoPortShape_FlatConveyor, out=IoPortShape_FlatConveyor; per-name).
18:10:19.214  [Warning] layout_str sanitized: normalized 13 line(s) to canonical width 48. Check the source layout for spurious leading/trailing whitespace.
18:10:19.219  build_nuclear_reactor[Candu_Reactor_T1_build]: layout_str override applied (32 line(s), 8 port(s)).
18:10:19.226  register: Candu.py statement[23] AssignmentStatement
18:10:19.228  build_nuclear_reactor[Candu_Reactor_T2_Build]: fuel_pairs overridden (3 entries)
18:10:19.229  build_nuclear_reactor[Candu_Reactor_T2_Build]: port 'F' shape 'IoPortShape_FlatConveyor' (char '#') -> 'IoPortShape_FlatConveyor' (char '#')
18:10:19.230  build_nuclear_reactor[Candu_Reactor_T2_Build]: port 'S' shape 'IoPortShape_FlatConveyor' (char '#') -> 'IoPortShape_FlatConveyor' (char '#')
18:10:19.231  build_nuclear_reactor[Candu_Reactor_T2_Build]: fuel-port shapes substituted (in=IoPortShape_FlatConveyor, out=IoPortShape_FlatConveyor; per-name).
18:10:19.233  build_nuclear_reactor[Candu_Reactor_T2_Build]: layout_str override applied (32 line(s), 8 port(s)).
18:10:19.234  register: COMPLETED Candu.py
18:10:19.236  register: __init__.py statement[1] LocalImportStatement
18:10:19.237    dependencies: '__init__.py' -> 'Recipes_plus_plus_extended'
18:10:19.238  register: parsing Recipes_plus_plus_extended.py
18:10:19.243  register: parsed Recipes_plus_plus_extended.py (220 tokens, 5 statements)
18:10:19.245  register: executing 5 statements in Recipes_plus_plus_extended.py
18:10:19.246  register: Recipes_plus_plus_extended.py statement[0] ImportStatement
18:10:19.277  register: Recipes_plus_plus_extended.py statement[1] ImportStatement
18:10:19.301  register: Recipes_plus_plus_extended.py statement[2] ImportStatement
18:10:19.303  register: Recipes_plus_plus_extended.py statement[3] AssignmentStatement
18:10:19.304  register: Recipes_plus_plus_extended.py statement[4] AssignmentStatement
18:10:19.306  register: COMPLETED Recipes_plus_plus_extended.py
18:10:19.307  register: __init__.py statement[2] LocalImportStatement
18:10:19.308    dependencies: '__init__.py' -> 'Fusion'
18:10:19.309  register: parsing Fusion.py
18:10:19.330  register: parsed Fusion.py (1377 tokens, 32 statements)
18:10:19.331  register: executing 32 statements in Fusion.py
18:10:19.332  register: Fusion.py statement[0] ImportStatement
18:10:19.363  register: Fusion.py statement[1] ImportStatement
18:10:19.388  register: Fusion.py statement[2] ImportStatement
18:10:19.390  register: Fusion.py statement[3] AssignmentStatement
18:10:19.392  register: Fusion.py statement[4] AssignmentStatement
18:10:19.392  register: Fusion.py statement[5] AssignmentStatement
18:10:19.395  register: Fusion.py statement[6] AssignmentStatement
18:10:19.397  register: Fusion.py statement[7] AssignmentStatement
18:10:19.398  register: Fusion.py statement[8] AssignmentStatement
18:10:19.399  register: Fusion.py statement[9] AssignmentStatement
18:10:19.401  register: Fusion.py statement[10] AssignmentStatement
18:10:19.402  register: Fusion.py statement[11] AssignmentStatement
18:10:19.404  register: Fusion.py statement[12] AssignmentStatement
18:10:19.406  register: Fusion.py statement[13] AssignmentStatement
18:10:19.407  register: Fusion.py statement[14] AssignmentStatement
18:10:19.408  register: Fusion.py statement[15] AssignmentStatement
18:10:19.410  register: Fusion.py statement[16] AssignmentStatement
18:10:19.411  register: Fusion.py statement[17] AssignmentStatement
18:10:19.412  register: Fusion.py statement[18] AssignmentStatement
18:10:19.413  register: Fusion.py statement[19] AssignmentStatement
18:10:19.415  register: Fusion.py statement[20] AssignmentStatement
18:10:19.416  register: Fusion.py statement[21] AssignmentStatement
18:10:19.417  register: Fusion.py statement[22] AssignmentStatement
18:10:19.419  register: Fusion.py statement[23] AssignmentStatement
18:10:19.420  register: Fusion.py statement[24] AssignmentStatement
18:10:19.422  register: Fusion.py statement[25] AssignmentStatement
18:10:19.423  register: Fusion.py statement[26] AssignmentStatement
18:10:19.425  build_nuclear_reactor[Fusion_Reactor_t1]: fuel_pairs overridden (1 entries)
18:10:19.426  build_nuclear_reactor[Fusion_Reactor_t1]: port 'F' shape 'IoPortShape_Pipe' (char '@') -> 'IoPortShape_Pipe' (char '@')
18:10:19.427  build_nuclear_reactor[Fusion_Reactor_t1]: port 'S' shape 'IoPortShape_Pipe' (char '@') -> 'IoPortShape_Pipe' (char '@')
18:10:19.429  build_nuclear_reactor[Fusion_Reactor_t1]: fuel-port shapes substituted (in=IoPortShape_Pipe, out=IoPortShape_Pipe; per-name).
18:10:19.430  [Warning] layout_str sanitized: normalized 10 line(s) to canonical width 66. Check the source layout for spurious leading/trailing whitespace.
18:10:19.434  build_nuclear_reactor[Fusion_Reactor_t1]: layout_str override applied (45 line(s), 10 port(s)).
18:10:19.436  register: Fusion.py statement[27] AssignmentStatement
18:10:19.437  register: Fusion.py statement[28] AssignmentStatement
18:10:19.438  register: Fusion.py statement[29] AssignmentStatement
18:10:19.440  register: Fusion.py statement[30] AssignmentStatement
18:10:19.441  register: Fusion.py statement[31] AssignmentStatement
18:10:19.442  register: COMPLETED Fusion.py
18:10:19.443  register: __init__.py statement[3] LocalImportStatement
18:10:19.444    dependencies: '__init__.py' -> 'Plasma'
18:10:19.445  register: parsing Plasma.py
18:10:19.453  register: parsed Plasma.py (447 tokens, 12 statements)
18:10:19.454  register: executing 12 statements in Plasma.py
18:10:19.455  register: Plasma.py statement[0] ImportStatement
18:10:19.490  register: Plasma.py statement[1] ImportStatement
18:10:19.515  register: Plasma.py statement[2] ImportStatement
18:10:19.516  register: Plasma.py statement[3] AssignmentStatement
18:10:19.519  register: Plasma.py statement[4] AssignmentStatement
18:10:19.520  build_machine[Incineration_plant_T2]: source=IncinerationPlant, extra_ports=1, total_ports=7, copy_layout=True, copy_ports=True, copy_graphics=True
18:10:19.522  build_machine[Incineration_plant_T2]: complete (locked=True)
18:10:19.524  register: Plasma.py statement[5] AssignmentStatement
18:10:19.525  register: Plasma.py statement[6] AssignmentStatement
18:10:19.526  register: Plasma.py statement[7] AssignmentStatement
18:10:19.527  register: Plasma.py statement[8] AssignmentStatement
18:10:19.528  register: Plasma.py statement[9] AssignmentStatement
18:10:19.529  register: Plasma.py statement[10] AssignmentStatement
18:10:19.545  register: Plasma.py statement[11] AssignmentStatement
18:10:19.559  register: COMPLETED Plasma.py
18:10:19.561  register: COMPLETED __init__.py
18:10:19.562  RegisterData[Fusion_Horizon]: __init__.py loaded
18:10:19.563  RegisterData[Fusion_Horizon]: complete (loaded=5, failed=0)
18:10:19.564  [Warning] [CustomAssets API] pack 'Fusion_Horizon' needs CustomAssets >= 0.2.0 but manifest pins >= 0.1.9. Bump 'mod_dependencies' to "CustomAssets>=0.2.0" — or drop the late-version args below.
18:10:19.567  [Warning]   • 'mesh' on add_unit_prefab requires >= 0.1.5 (Candu.py:11)
18:10:19.569  [Warning]   • 'fuel_pairs' on build_nuclear_reactor requires >= 0.2.0 (Candu.py:157)
18:10:19.571  [Warning]   • 'coolantIn' on build_nuclear_reactor requires >= 0.2.0 (Candu.py:157)
18:10:19.572  [Warning]   • 'coolantOut' on build_nuclear_reactor requires >= 0.2.0 (Candu.py:157)
18:10:19.574  [Warning]   • 'waterInProduct' on build_nuclear_reactor requires >= 0.2.0 (Candu.py:157)
18:10:19.576  [Warning]   • 'steamOutProduct' on build_nuclear_reactor requires >= 0.2.0 (Candu.py:157)
18:10:19.577  [Warning]   • 'layout_str' on build_nuclear_reactor requires >= 0.2.0 (Candu.py:157)
18:10:19.579  [Warning]   • 'enrichment' on build_nuclear_reactor requires >= 0.2.0 (Fusion.py:217)
18:10:19.581  [Warning]   • call 'Enrichment' requires >= 0.2.0 (Fusion.py:217)
18:10:19.582  [Info] H4uklotz.VerticalBalancers: registering prototypes
18:10:19.595  [Info] Registered 0 products from assembly 'IndustrialExpansion'.
18:10:19.597  [Info] [IndustrialExpansion] LogisticsData : Registering Tier IV Conveyor prototypes.
18:10:19.598  [Info] [IndustrialExpansion] LogisticsData : Extra Transports Tier IV Conveyor prototypes detected, skipping IndustrialExpansion tier IV Conveyor prototypes.
18:10:19.600  [Info] [IndustrialExpansion] LogisticsData : Registering More Balancers prototypes.
18:10:19.602  [Info] [IndustrialExpansion] LogisticsData : SmallFlatBalancer prototype registered.
18:10:19.604  [Info] [IndustrialExpansion] LogisticsData : MediumFlatBalancer prototype registered.
18:10:19.605  [Info] [IndustrialExpansion] LogisticsData : LargeFlatBalancer prototype registered.
18:10:19.606  [Info] [IndustrialExpansion] LogisticsData : LongFlatBalancer prototype registered.
18:10:19.608  [Info] [IndustrialExpansion] LogisticsData : SmallUShapeBalancer prototype registered.
18:10:19.609  [Info] [IndustrialExpansion] LogisticsData : MediumUShapeBalancer prototype registered.
18:10:19.611  [Info] [IndustrialExpansion] LogisticsData : LargeUShapeBalancer prototype registered.
18:10:19.612  [Info] [IndustrialExpansion] LogisticsData : LongUShapeBalancer prototype registered.
18:10:19.613  [Info] [IndustrialExpansion] LogisticsData : SmallPipeBalancer prototype registered.
18:10:19.614  [Info] [IndustrialExpansion] LogisticsData : MediumPipeBalancer prototype registered.
18:10:19.616  [Info] [IndustrialExpansion] LogisticsData : LargePipeBalancer prototype registered.
18:10:19.617  [Info] [IndustrialExpansion] LogisticsData : LongPipeBalancer prototype registered.
18:10:19.619  [Info] [IndustrialExpansion] LogisticsResearchData : Detected Tier IV Conveyor research from ExtraTransports, skipping Industrial Expansion Tier IV conveyor research.
18:10:19.621  [Info] [IndustrialExpansion] LogisticsResearchData : Registering More Balancers research.
18:10:19.622  [Info] [IndustrialExpansion] LogisticsResearchData: More Balancers Research registered.
18:10:19.624  [Info] [IndustrialExpansion] SurfacesData : Registering extra surfaces data.
18:10:19.625  [Info] [IndustrialExpansion] SurfacesData : Dark concrete surface registered.
18:10:19.626  [Info] [IndustrialExpansion] SurfacesData : Dark reinforced surface registered.
18:10:19.628  [Info] [IndustrialExpansion] SurfaceResearchData : Registering extra surface research.
18:10:19.629  [Info] [IndustrialExpansion] SurfaceResearchData : Extra surface research registered.
18:10:19.633  [Info] [IndustrialExpansion] CargoDepotData : Registering Tier V and VI Cargo Depot prototypes.
18:10:19.641  [Info] [IndustrialExpansion] CargoDepotData : Tier V and VI Cargo Depot prototypes registered.
18:10:19.654  [Info] [IndustrialExpansion] ShipResearchData : Registering Cargo Depot V & VI research.
18:10:19.655  [Info] [IndustrialExpansion] ShipResearchData : Cargo Depot V & VI research registered.
18:10:19.657  [Info] [IndustrialExpansion] RetainingWallData : Registering extra retaining wall prototype.
18:10:19.658  [Info] [IndustrialExpansion] RetainingWallData : Retaining Wall Medium prototype registered.
18:10:19.661  [Info] [IndustrialExpansion] CargoShipDryDockResearchData : Registering More Retaining Wall research.
18:10:19.662  [Info] [IndustrialExpansion] CargoShipDryDockResearchData : More Retaining Wall Research registered.
18:10:19.664  [Info] [IndustrialExpansion] CargoShipVirtualProductData : Registering Cargo Ship Virtual Product Data prototype.
18:10:19.665  [Info] [IndustrialExpansion] CargoShipVirtualProductData : Cargo Ship Virtual Product Data prototype registered.
18:10:19.667  [Info] [IndustrialExpansion] CargoShipDryDockData : Registering Drydock prototype.
18:10:19.673  [Info] [IndustrialExpansion] CargoShipDryDockData : Drydock prototype registered.
18:10:19.674  [Info] [IndustrialExpansion] CargoShipDryDockResearchData : Registering Cargo Ship Drydock research.
18:10:19.675  [Info] [IndustrialExpansion] CargoShipDryDockResearchData : Cargo Ship Drydock research registered.
18:10:19.680  [Info] RightAngleMechanicalShaft: registering prototypes
18:10:19.687  [Error] Failed to set 'Machine_StraightShaft1x2 (FlyWheelEntityProto)' as next tier, it's already set to 'Machine_StraightShaft1x2 (FlyWheelEntityProto)'.
18:10:19.688  [Error] Failed to set 'Machine_StraightMechanicalShaft (FlyWheelEntityProto)' as next tier, it's already set to 'Machine_StraightMechanicalShaft (FlyWheelEntityProto)'.
18:10:19.690  [Error] Failed to set 'Machine_StraightShaft1x4 (FlyWheelEntityProto)' as next tier, it's already set to 'Machine_StraightShaft1x4 (FlyWheelEntityProto)'.
18:10:19.692  [Info] ModularRamp : ==>  1 Registrating Prototypes
18:10:19.870  [Info] [MyAirshipMod] Vehicle idle monitoring patch applied
18:10:19.876  [Info] [MyAirshipMod] Terrain disrupt patch applied
18:10:19.966  [Info] [MyAirshipMod] unreachable-warning suppression applied
18:10:19.970  [Info] PillarSpacingMod: MAX_PILLAR_HEIGHT at RegisterPrototypes = 6
18:10:19.972  [Info] PillarSpacingMod: Pillar radius set to 6 for all transports.
18:10:19.973  [Info] PillarSpacingMod: TransportPillarHeight MAX_PILLAR_HEIGHT set to 8.
18:10:19.974  [Info] PillarSpacingMod: TrainTrackPillarHeight MAX_PILLAR_HEIGHT set to 8.
18:10:19.976  [Info] PillarSpacingMod: PILLAR_SUPPORT_DISTANCE set to 10.
18:10:19.977  [Info] ResearchQueue: RegisterPrototypes called
18:10:19.978  [Info] UndergroundTransportMod : ============>  2 Registrating Prototypes
18:10:19.980  [Info] UndergroundTransportMod : ============>  3 Registrating Undergound Entrances
18:10:19.983  [Info] WindPower: registering prototypes
18:10:19.984  [Info] Registered 0 products from assembly 'WindPower'.
18:10:19.993  [Info] Layouts parsed
18:10:22.629  [Warning] Dependency implementation 'CustomAssets.CustomAssetPack' is already registered for type 'CustomAssets.CustomAssetPack'.
18:10:22.639  [Warning] Dependency implementation 'CustomAssets.CustomAssetPack' is already registered for type 'Mafi.Core.Mods.IMod'.
18:10:22.641  [Warning] Dependency implementation 'CustomAssets.CustomAssetPack' is already registered for type 'System.IDisposable'.
18:10:22.643  [Warning] Dependency implementation 'CustomAssets.CustomAssetPack' is already registered for type 'CustomAssets.CustomAssetPack'.
18:10:22.644  [Warning] Dependency implementation 'CustomAssets.CustomAssetPack' is already registered for type 'Mafi.Core.Mods.IMod'.
18:10:22.646  [Warning] Dependency implementation 'CustomAssets.CustomAssetPack' is already registered for type 'System.IDisposable'.
18:10:22.734  [Info] CustomAssets_AirFiltering: emitted+registered marker type CustomAssets_AirFiltering
18:10:22.736  [Info] CustomAssets_LiquifiedCoal: emitted+registered marker type CustomAssets_LiquifiedCoal
18:10:22.739  [Info] Fusion_Horizon: emitted+registered marker type Fusion_Horizon
18:10:22.740  [Info] ModularRamp : ==>  2 Register Dependencies 
18:10:22.742  [Info] UndergroundTransportMod : ============>  4 Register Dependencies 
18:10:22.794  [Info] [9980 ms] Loading data (objs: 80, delayed: 0) Stuck count 0
18:10:22.898  [Info] [104 ms] Loading data (objs: 203, delayed: 122) Stuck count 0
18:10:23.036  [Info] [139 ms] Delayed deserialization: 873 remaining, just finished 'ParticleErosionPostProcessor'
18:10:23.138  [Info] [103 ms] Delayed deserialization: 1090 remaining, just finished 'Dict`2'
18:10:23.245  [Info] [106 ms] Delayed deserialization: 8700 remaining, just finished 'BattleShip'
18:10:23.347  [Info] [102 ms] Delayed deserialization: 5499 remaining, just finished 'Dict`2'
18:10:23.449  [Info] [103 ms] Delayed deserialization: 2495 remaining, just finished 'TreeDistanceChunk'
18:10:23.553  [Info] [103 ms] Delayed deserialization: 1624 remaining, just finished 'EntityWorkersAssigner'
18:10:23.656  [Info] [103 ms] Delayed deserialization: 1790 remaining, just finished 'Lyst`1'
18:10:23.759  [Info] [102 ms] Members resolving: 32/113, just finished 'TrainTracksPillarManager.m_pillarsBuilder'
18:10:23.822  [Info] [CargoHelicopter] heliport patches applied
18:10:23.822  [Info] [CargoHelicopter] bootstrap installed (patches apply once game loop is running)
18:10:23.835  [Info] [FaFOptimiser] Loaded 35 translations for 'ru-RU' from 'C:\Users\www\AppData\Roaming\Captain of Industry\Mods\FaFOptimiser\Translations\ru.json'.
18:10:23.842  [Info] [FaFOptimiser] Rebound 35 static LocStr fields (0 keys not in custom json).
18:10:23.913  [Info] [IndustrialExpansion] Harmony patches applied
18:10:23.914  [Info] ModularRamp : ==>  3 EarlyInit
18:10:23.918  [Info] [UndergroundPipes] loaded 19 translations for 'ru'
18:10:24.217  [Info] [UndergroundPipes] embedded pipe-inspector patch applied
18:10:24.220  [Info] [UndergroundPipes] Harmony patches applied
18:10:24.221  [Info] UndergroundTransportMod : ============>  5 EarlyInit
18:10:24.228  [Info] [470 ms] Init calls: 1/3998, just finished 'ProductsSlimIdManager.initAfterLoad'
18:10:24.367  [Info] [139 ms] Init calls: 9/3998, just finished 'ShipsClearancePathabilityProvider.initSelfVeryHigh'
18:10:24.485  [Info] [118 ms] Loading map cache: All-In-One (Update 3)--0-49-90B8A-A20F8BE2
18:10:24.488  [Info] Map cache not loaded: NoFile, generating new map.
18:10:25.452  [Info] [966 ms] Generating terrain: 0%
18:10:26.557  [Info] [1100 ms] Generating terrain: 2%
18:10:28.161  [Info] [1600 ms] Generating terrain: 4%
18:10:29.673  [Info] [1510 ms] Generating terrain: 6%
18:10:31.035  [Info] [1360 ms] Generating terrain: 8%
18:10:32.407  [Info] [1370 ms] Generating terrain: 10%
18:10:34.015  [Info] [1610 ms] Generating terrain: 12%
18:10:35.582  [Info] [1570 ms] Generating terrain: 14%
18:10:37.068  [Info] [1490 ms] Generating terrain: 16%
18:10:38.478  [Info] [1410 ms] Generating terrain: 18%
18:10:40.294  [Info] [1240 ms] Generating terrain: 20%
18:10:40.925  [Info] [1210 ms] Generating terrain: 22%
18:10:42.595  [Info] [1380 ms] Generating terrain: 24%
18:10:44.085  [Info] [1780 ms] Generating terrain: 26%
18:10:45.693  [Info] [1610 ms] Generating terrain: 28%
18:10:47.744  [Info] [2050 ms] Generating terrain: 30%
18:10:49.872  [Info] [2130 ms] Generating terrain: 32%
18:10:51.909  [Info] [2040 ms] Generating terrain: 34%
18:10:53.719  [Info] [1810 ms] Generating terrain: 36%
18:10:55.564  [Info] [1850 ms] Generating terrain: 38%
18:10:57.504  [Info] [1940 ms] Generating terrain: 40%
18:10:59.419  [Info] [1910 ms] Generating terrain: 42%
18:11:01.424  [Info] [2000 ms] Generating terrain: 44%
18:11:03.476  [Info] [2050 ms] Generating terrain: 50%
18:11:03.480  [Info] [4,24 ms] Generating terrain: 50%
18:11:03.597  [Info] [117 ms] Generating terrain: 50%
18:11:03.795  [Info] [198 ms] Generating terrain: 54%
18:11:07.348  [Info] [3550 ms] Generating terrain: 54%
18:11:09.190  [Info] [1840 ms] Generating terrain: 56%
18:11:10.971  [Info] [1780 ms] Generating terrain: 58%
18:11:13.305  [Info] [2330 ms] Generating terrain: 60%
18:11:15.179  [Info] [1870 ms] Generating terrain: 62%
18:11:17.030  [Info] [1850 ms] Generating terrain: 64%
18:11:19.379  [Info] [2350 ms] Generating terrain: 66%
18:11:21.580  [Info] [2200 ms] Generating terrain: 68%
18:11:23.664  [Info] [2080 ms] Generating terrain: 70%
18:11:26.695  [Info] [3030 ms] Generating terrain: 72%
18:11:30.407  [Info] [3710 ms] Generating terrain: 74%
18:11:34.404  [Info] [4000 ms] Generating terrain: 76%
18:11:38.078  [Info] [3670 ms] Generating terrain: 78%
18:11:41.770  [Info] [3690 ms] Generating terrain: 80%
18:11:45.134  [Info] [3360 ms] Generating terrain: 82%
18:11:49.083  [Info] [3950 ms] Generating terrain: 84%
18:11:53.023  [Info] [3940 ms] Generating terrain: 86%
18:11:56.566  [Info] [3540 ms] Generating terrain: 88%
18:12:00.189  [Info] [3620 ms] Generating terrain: 90%
18:12:03.635  [Info] [3450 ms] Generating terrain: 92%
18:12:05.933  [Info] [2300 ms] Generating terrain: 94%
18:12:15.897  [Info] [9960 ms] Generating terrain: 100%
18:12:15.907  [Info] [10,3 ms] Generating terrain: 100%
18:12:16.042  [Info] [134 ms] Generating terrain: 100%
18:12:26.225  [Info] Removed old map cache file: New Haven--0-47-35985-90444A95.cache
18:12:26.228  [Info] [10200 ms] Finalizing terrain generation
18:12:26.235  [Info] [6,87 ms] Finalizing terrain generation: 33%
18:12:26.282  [Info] [47,1 ms] Finalizing terrain generation: 67%
18:12:27.278  [Info] [996 ms] Finalizing terrain generation: 100%
18:12:28.160  [Info] [882 ms] Applying loaded terrain data: 100%
18:12:28.168  [Info] [8,11 ms] Init calls: 2864/3998, just finished 'TerrainOccupancyManager.reconstructOccupancy'
18:12:28.196  [Info] Sim thread enabled: True
18:12:28.198  [Info] Game ID: 3475383370653463889; Session ID: 7088015387098918761, started at v0.8.6a
18:12:28.271  [Info] [103 ms] Init calls: 3437/3998, just finished 'AssetTransactionManager.initSelf'
18:12:29.127  [Warning] Re-queued 93793 disrupted tiles that were not in the recovery queue.
18:12:29.129  [Info] [858 ms] Init calls: 3439/3998, just finished 'TerrainDisruptionSimulator.initSelfLate'
18:12:33.432  [Info] [4300 ms] Init calls: 3492/3998, just finished 'ShipsClearancePathabilityProvider.initSelf'
18:12:33.453  [Warning] Removed 3583 props as height has changed too much.
18:12:33.596  [Info] [AFD] Persistence: loaded 0 tower setting record(s) from vanilla-mod-json-config.
18:12:33.599  [Info] [AFD] Pending allocations: loaded from vanilla-mod-json-config.
18:12:33.624  [Info] [ATD] Persistence: loaded 0 tower setting record(s) from vanilla-mod-json-config.
18:12:33.656  [Info] [BDT] [BDT] Blueprint Designer's Toolkit v0.8.6 | dll: 2026-07-27 09:08:57
18:12:33.658  [Info] [BDT] Localization: probing directory 'C:\Users\www\AppData\Roaming\Captain of Industry\Mods\DesignerToolkit\translations'.
18:12:33.660  [Info] [BDT] Localization: discovered 8 file(s): C:\Users\www\AppData\Roaming\Captain of Industry\Mods\DesignerToolkit\translations\de.json, C:\Users\www\AppData\Roaming\Captain of Industry\Mods\DesignerToolkit\translations\en.json, C:\Users\www\AppData\Roaming\Captain of Industry\Mods\DesignerToolkit\translations\es.json, C:\Users\www\AppData\Roaming\Captain of Industry\Mods\DesignerToolkit\translations\it.json, C:\Users\www\AppData\Roaming\Captain of Industry\Mods\DesignerToolkit\translations\pt.json, C:\Users\www\AppData\Roaming\Captain of Industry\Mods\DesignerToolkit\translations\ru.json, C:\Users\www\AppData\Roaming\Captain of Industry\Mods\DesignerToolkit\translations\sv.json, C:\Users\www\AppData\Roaming\Captain of Industry\Mods\DesignerToolkit\translations\zh.json
18:12:33.682  [Info] [BDT] Localization: applied locale='ru', upserted=126, scannedFields=126, reboundFields=126, readonlySkipped=0, missingTranslationSkipped=0, failedWrites=0, diagnostics=1.
18:12:33.684  [Info] [BDT] Localization diagnostic [Info] source='C:\Users\www\AppData\Roaming\Captain of Industry\Mods\DesignerToolkit\translations': Scanned 0 static LocStr field(s) before rebinding.
18:12:33.689  [Info] [BDT.ThroughputManager] ThroughputManager initialized.
18:12:33.691  [Info] [BDT.PollutionManager] PollutionManager initialized.
18:12:33.692  [Info] [BDT.InstantBuild] Instant build mode initialized.
18:12:33.697  [Info] [BDT.TransportCleanup] Transport cleanup tool initialized. Hotkey: Alt+Del.
18:12:33.898  [Info] [BDT.HeightFilter] HeightFilter renderers resolved - Transports: True, Pillars: True, IoPorts: True, LayoutEntities: True
18:12:33.901  [Info] [BDT.HeightFilter] Successfully patched 'Transport.IsSelected'
18:12:33.903  [Info] [BDT.HeightFilter] Successfully patched 'StaticEntity.IsSelected'
18:12:33.908  [Info] [BDT.HeightFilter] Successfully patched 'IoPortsRenderer.PortsChunkStandard.ShowPort'
18:12:33.914  [Info] [BDT.HeightFilter] Successfully patched 'IoPortsRenderer.PortsChunkStandard.showAndRegisterHighlightForPort'
18:12:33.915  [Info] [BDT.HeightFilter] Height filter system initialized successfully. Initial filter application deferred to first sync update tick.
18:12:33.918  [Info] [BDT.UndoManager] UndoManager initialized.
18:12:34.055  [Info] FaFOptimiser: Mod initialization complete.
18:12:34.061  [Info] ModularRamp : ==>  4 Initializing Version = 300
18:12:34.064  [Info] ProductionCalculator: initialized
18:12:34.066  [Info] ResearchQueue: Initialize called, gameWasLoaded=True
18:12:34.068  [Info] [UndergroundPipes] runtime services ready
18:12:34.069  [Info] UndergroundTransportMod : ============>  6 Initializing Version = 531
18:12:34.393  [Error] Asset 'AirFilterIL_mat' (Material) was not found in any bundle, path: Assets/AirFiltering/AirFilterIL_mat
18:12:35.064  [Info] [1630 ms] Initialized mods.
18:12:35.072  [Info] [UndergroundPipes] settings gear slotted into the date bar
18:12:36.770  [Warning] Mor Roads: Failed to apply Harmony patches: HarmonyLib.HarmonyException: Ambiguous match for HarmonyMethod[(class=Mafi.Core.PathFinding.ClearancePathabilityProvider, methodname=GetRoadNetworkConnectionsInArea, type=Normal, args=undefined)] ---> System.Reflection.AmbiguousMatchException: Ambiguous match found.
  at System.RuntimeType.GetMethodImplCommon (System.String name, System.Int32 genericParameterCount, System.Reflection.BindingFlags bindingAttr, System.Reflection.Binder binder, System.Reflection.CallingConventions callConv, System.Type[] types, System.Reflection.ParameterModifier[] modifiers) [0x00050] in <41d29b352f6a475ab1bf7c6628b82790>:0 
  at System.RuntimeType.GetMethodImpl (System.String name, System.Reflection.BindingFlags bindingAttr, System.Reflection.Binder binder, System.Reflection.CallingConventions callConv, System.Type[] types, System.Reflection.ParameterModifier[] modifiers) [0x00000] in <41d29b352f6a475ab1bf7c6628b82790>:0 
  at System.Type.GetMethod (System.String name, System.Reflection.BindingFlags bindingAttr) [0x0000e] in <41d29b352f6a475ab1bf7c6628b82790>:0 
  at HarmonyLib.AccessTools.DeclaredMethod (System.Type type, System.String name, System.Type[] parameters, System.Type[] generics) [0x00028] in <ba413ca8a8864098887aadc8030b3c3a>:0 
  at HarmonyLib.PatchTools.GetOriginalMethod (HarmonyLib.HarmonyMethod attr) [0x00052] in <ba413ca8a8864098887aadc8030b3c3a>:0 
   --- End of inner exception stack trace ---
  at HarmonyLib.PatchClassProcessor.ReportException (System.Exception exception, System.Reflection.MethodBase original) [0x0013c] in <ba413ca8a8864098887aadc8030b3c3a>:0 
  at HarmonyLib.PatchClassProcessor.Patch () [0x000a0] in <ba413ca8a8864098887aadc8030b3c3a>:0 
  at HarmonyLib.Harmony.<PatchAll>b__10_0 (System.Type type) [0x00007] in <ba413ca8a8864098887aadc8030b3c3a>:0 
  at HarmonyLib.CollectionExtensions.Do[T] (System.Collections.Generic.IEnumerable`1[T] sequence, System.Action`1[T] action) [0x00014] in <ba413ca8a8864098887aadc8030b3c3a>:0 
  at HarmonyLib.Harmony.PatchAll (System.Reflection.Assembly assembly) [0x00006] in <ba413ca8a8864098887aadc8030b3c3a>:0 
  at Mor_Roads.MorRoadsHarmony..ctor () [0x00014] in D:\Modding\CaptainOfIndustry\BetterLife_RoadsAndSigns\BridgeRoad\MorRoadsHarmony.cs:281 
18:12:36.780  [Info] Mor Roads: ROAD_DISTANCE_MULT set to 0
18:12:36.824  [Info] [CustomAssetsMod]: Save game fix on loaded game.
18:12:36.827  [Info] [CAM] ctor — pending alternations=18, deferred materials=2, deferred prefabs=1
18:12:36.832  [Info] CustomAssetManager: applying texture 'Assets/Products/FilterMediaIronLime.png' (512x512) to material 'FilterMedia' (shader 'Mafi/LooseMaterialPile')
18:12:36.832  [Info]   + set shader property '_AlbedoTex'
18:12:36.834  [Info]   + set shader property '_MainTex'
18:12:36.835  [Info] CustomAssetManager: applying texture 'Assets/Meshes/candu_rod_texture.png' (1024x1024) to material 'Standard' (shader 'Standard')
18:12:36.837  [Info]   + set shader property '_MainTex'
18:12:36.838  [Info] [CAM] injected +18 assets, +2 materials, +1 prefabs, +0 game-texture binds (totals: 18/2/1/0).
18:12:36.841  [Info] [CAM] pile arrays: 512x512 depth=61 albedo=RGBA32 normals=BC7 smooth=DXT5
18:12:36.843  [Info] [CAM] retroactive pile fix → product 'Product_FilterMediaIronLime' slice 16 (tiling=8x)
18:12:36.845  [Info] [CAM]     _AlbedoTex: src=512x512 ARGB32 mips=10 → dst slice 16 of 512x512 RGBA32 mips=10
18:12:36.852  [Info] [CAM]       resampled to uncompressed RGBA32
18:12:36.853  [Info] [CAM]     _NormalsTex: src=512x512 BC7 mips=10 → dst slice 16 of 512x512 BC7 mips=10
18:12:36.854  [Info] [CAM]       direct copy
18:12:36.856  [Info] [CAM]     _SmoothMetalTex: src=256x256 DXT5 mips=9 → dst slice 16 of 256x256 DXT5 mips=9
18:12:36.857  [Info] [CAM]       direct copy
18:12:36.858  [Info] [CAM] FIXED: rewrote 1 pile texture slice(s). Earlier 'Asset ... not found in any bundle' from LPMM ctor was retroactively resolved.
18:12:36.860  [Info] [CAM] pile arrays: 512x512 depth=61 albedo=RGBA32 normals=BC7 smooth=DXT5
18:12:36.863  [Warning] [CustomUnitPrefabHook] m_productToDataIndex field missing
18:12:36.867  [Info] FaFOptimiser: Toolbar button and F11 shortcut registered.
18:12:36.893  [Info] PlaceResourceWindow.Controller: registered F9 toggle and toolbar button
18:12:36.901  [Info] ProductionCalculator: toolbar button registered (F10)
18:12:36.948  [Info] ResearchQueue: ResearchWindow not yet created — will retry on open
18:12:36.950  [Info] ResearchQueue: === Health Check ===
18:12:36.952  [Info] ResearchQueue: Max verified game version: unknown
18:12:36.954  [Info] ResearchQueue: All 7 reflection targets resolved -- fully operational
18:12:36.957  [Info] ResearchQueue: ================================
18:12:36.958  [Info] ResearchQueue: Controller constructed
18:12:37.077  [Info] UndergroundTransportMod : ============>  7 Underground harmony patches applied
18:12:37.079  [Info] [WindPower]: Save game fixer created.
18:12:37.101  [Info] [FaFOptimiser] RecipeCatalog initialized. Indexed: 473 recipes.
18:12:37.110  [Info] [2050 ms] Instantiated all dependencies.
18:12:37.193  [Info] [83,1 ms] TerrainMiningManager
18:12:37.197  [Info] [3,74 ms] OceanEntitiesManager
18:12:37.198  [Info] [1,61 ms] BridgesManager
18:12:37.201  [Info] [2,68 ms] AirshipHQManager
18:12:37.202  [Info] [1,32 ms] Initialized
18:12:37.206  [Info] [4,49 ms] CameraController
18:12:37.213  [Info] [5,94 ms] TerrainSurfaceTextureManager
18:12:40.905  [Info] [3690 ms] TerrainRenderer
18:12:41.419  [Info] [515 ms] WaterRendererFft
18:12:41.444  [Info] [24,0 ms] WeatherController
18:12:41.447  [Info] [3,14 ms] TerrainDesignationsRenderer
18:12:41.448  [Info] [2,00 ms] SurfaceDesignationsRenderer
18:12:41.458  [Info] [8,65 ms] TowerAreasRenderer
18:12:41.461  [Info] [3,55 ms] LogisticsZonesRenderer
18:12:43.508  [Info] [2050 ms] ResVisBarsRenderer
18:12:43.646  [Info] Products renderer: built 179 texture slices - albedo 512x512 DXT1 (174 copied, 0 recompressed, 5 fallback), normals 512x512 DXT5 (4 copied, 0 recompressed, 175 fallback), smooth/metal 512x512 DXT5 (118 copied, 0 recompressed, 61 fallback).
18:12:43.648  [Info] Products renderer: built 50 unique meshes (48 combined).
18:12:43.654  [Info] [147 ms] ProductsRenderer: [FORCE FRAME] Loading product textures.
18:12:43.662  [Info] [7,46 ms] ProductsRenderer: [FORCE FRAME] Loading product textures.
18:12:43.669  [Warning] Products renderer: source textures still not fully loaded, building the texture arrays anyway.
18:12:46.156  [Info] Products renderer: built 179 texture slices - albedo 512x512 DXT1 (174 copied, 4 recompressed, 1 fallback), normals 512x512 DXT5 (4 copied, 172 recompressed, 3 fallback), smooth/metal 512x512 DXT5 (118 copied, 58 recompressed, 3 fallback).
18:12:46.159  [Info] [2500 ms] ProductsRenderer: [FORCE FRAME] Product textures.
18:12:46.203  [Info] [45,1 ms] ProductsRenderer: [FORCE FRAME] Product textures.
18:12:46.255  [Info] Registered 149 console commands.
18:12:46.257  [Info] [53,4 ms] GameConsoleCommandsExecutor
18:12:46.260  [Info] [AFD] Harmony runtime: 2.3.3.0 | dll: <no location>
18:12:46.262  [Info] [5,05 ms] AutoForestryDesignationsMod
18:12:46.267  [Info] [AFD] AutoForestryDesignations v0.1.12 | dll: 2026-07-27 15:29:56
18:12:46.270  [Info] [AFD] Localization: late apply at renderer init state.
18:12:46.272  [Info] [AFD] Localization: probing directory 'C:\Users\www\AppData\Roaming\Captain of Industry\Mods\AutoForestryDesignations\translations'.
18:12:46.273  [Info] [AFD] Localization: discovered 8 file(s): C:\Users\www\AppData\Roaming\Captain of Industry\Mods\AutoForestryDesignations\translations\de.json, C:\Users\www\AppData\Roaming\Captain of Industry\Mods\AutoForestryDesignations\translations\en.json, C:\Users\www\AppData\Roaming\Captain of Industry\Mods\AutoForestryDesignations\translations\es.json, C:\Users\www\AppData\Roaming\Captain of Industry\Mods\AutoForestryDesignations\translations\it.json, C:\Users\www\AppData\Roaming\Captain of Industry\Mods\AutoForestryDesignations\translations\pt.json, C:\Users\www\AppData\Roaming\Captain of Industry\Mods\AutoForestryDesignations\translations\ru.json, C:\Users\www\AppData\Roaming\Captain of Industry\Mods\AutoForestryDesignations\translations\sv.json, C:\Users\www\AppData\Roaming\Captain of Industry\Mods\AutoForestryDesignations\translations\zh.json
18:12:46.275  [Info] [AFD] Localization: current game culture before apply = 'ru-RU'.
18:12:46.294  [Info] [AFD] Localization: applied locale='ru', upserted=75, scannedFields=75, reboundFields=75, readonlySkipped=0, missingTranslationSkipped=0, failedWrites=0, diagnostics=1.
18:12:46.295  [Info] [AFD] Localization diagnostic [Info] source='C:\Users\www\AppData\Roaming\Captain of Industry\Mods\AutoForestryDesignations\translations': Scanned 0 static LocStr field(s) before rebinding.
18:12:46.317  [Info] [AFD] TreesRenderer resolved successfully.
18:12:46.318  [Info] [AFD] ButtonClick audio source resolved successfully.
18:12:46.319  [Info] [AFD] TreeHarvestingHighlightManager resolved successfully.
18:12:46.322  [Info] [60,7 ms] AutoTerrainDesignationsMod
18:12:46.327  [Info] [ATD] AutoTerrainDesignations v0.5.4 | dll: 2026-07-27 18:53:47
18:12:46.328  [Info] [ATD] Diagnostics: active=Info, configured=Default, buildDefault=Info.
18:12:46.366  [Info] [ATD] Localization: applied locale='ru', upserted=167, scannedFields=167, reboundFields=167, readonlySkipped=0, missingTranslationSkipped=0, failedWrites=0, diagnostics=1.
18:12:46.453  [Info] [130 ms] AutoTerrainDesignationsMod
18:12:46.456  [Info] [BDT] Localization: late apply at renderer init state.
18:12:46.457  [Info] [BDT] Localization: probing directory 'C:\Users\www\AppData\Roaming\Captain of Industry\Mods\DesignerToolkit\translations'.
18:12:46.459  [Info] [BDT] Localization: discovered 8 file(s): C:\Users\www\AppData\Roaming\Captain of Industry\Mods\DesignerToolkit\translations\de.json, C:\Users\www\AppData\Roaming\Captain of Industry\Mods\DesignerToolkit\translations\en.json, C:\Users\www\AppData\Roaming\Captain of Industry\Mods\DesignerToolkit\translations\es.json, C:\Users\www\AppData\Roaming\Captain of Industry\Mods\DesignerToolkit\translations\it.json, C:\Users\www\AppData\Roaming\Captain of Industry\Mods\DesignerToolkit\translations\pt.json, C:\Users\www\AppData\Roaming\Captain of Industry\Mods\DesignerToolkit\translations\ru.json, C:\Users\www\AppData\Roaming\Captain of Industry\Mods\DesignerToolkit\translations\sv.json, C:\Users\www\AppData\Roaming\Captain of Industry\Mods\DesignerToolkit\translations\zh.json
18:12:46.467  [Info] [BDT] Localization: applied locale='ru', upserted=126, scannedFields=126, reboundFields=126, readonlySkipped=0, missingTranslationSkipped=0, failedWrites=0, diagnostics=1.
18:12:46.468  [Info] [BDT] Localization diagnostic [Info] source='C:\Users\www\AppData\Roaming\Captain of Industry\Mods\DesignerToolkit\translations': Scanned 0 static LocStr field(s) before rebinding.
18:12:46.469  [Info] [16,8 ms] DesignerToolkitMod
18:12:46.472  [Info] [LayoutBoxMode] Using shader: Standard
18:12:46.475  [Info] [LayoutBoxMode] Init complete. Mesh=BDT_LayoutBoxCube, BodyMaterial=Standard, TopMaterial=Standard, Shader=Standard
18:12:46.491  [Info] [21,0 ms] EntitiesRenderingManager
18:12:46.742  [Info] [252 ms] TreesRenderer
18:12:46.757  [Info] [14,7 ms] IoPortsRenderer
18:12:46.760  [Info] [3,60 ms] OceanAreasOverlayRenderer
18:12:46.762  [Info] [1,53 ms] LayoutEntityPreviewManager
18:12:46.766  [Info] [4,02 ms] VehiclesRenderingManager
18:12:46.856  [Info] [89,7 ms] TerrainPropsRenderer
18:12:46.860  [Info] [4,49 ms] ConstructionCubesRenderer
18:12:46.863  [Info] [3,93 ms] TreeHarvestingHighlightManager
18:12:46.877  [Info] [13,1 ms] Controller
18:12:46.882  [Info] [5,61 ms] TrackEndsRenderer
18:12:46.885  [Info] [2,25 ms] TowerAreaStatusOverlay
18:12:46.887  [Info] [1,66 ms] NotificationsEntityIconManager
18:12:46.889  [Info] [2,05 ms] PauseIconManager
18:12:46.892  [Info] [3,15 ms] TrainTrackCablesRenderer
18:12:46.893  [Info] All renderers initialized in 9689 ms.
18:12:46.894  [GameProgress] Loaded game
18:12:53.049  [Info] [6160 ms] [FORCE FRAME] Init game step.
18:12:53.107  [Info] [58,9 ms] [FORCE FRAME] Init game step.
18:12:53.149  [Info] [40,6 ms] [FORCE FRAME] Init game step.
18:12:53.160  [Info] [12,0 ms] [FORCE FRAME] Init game step.
18:12:53.170  [Info] [BDT.HeightFilter] Initial delay frames completed. Triggering initial height filter.
18:12:53.175  [Info] [14,2 ms] [FORCE FRAME] Init game step.
18:12:53.185  [Info] [10,8 ms] [FORCE FRAME] Init game step.
18:12:53.195  [Info] [9,29 ms] [FORCE FRAME] Init game step.
18:12:53.205  [Info] [10,1 ms] [FORCE FRAME] Init game step.
18:12:53.215  [Info] [10,2 ms] [FORCE FRAME] Init game step.
18:12:53.236  [Info] Game was initialized in 127 steps and took 170 seconds to complete.
18:12:53.635  [Info] [CargoHelicopter] unreachable-warning suppression applied
18:12:53.639  [Info] [CargoHelicopter] Harmony patches applied (deferred until scene fully initialized; viaIMain=True)
18:12:53.649  [Info] [CargoHelicopter] in-sync drain bound to GameLoopEvents.SyncUpdate (session 1)
18:14:38.349  [Info] [CargoHelicopter] custom factory icon loaded from C:\Users\www\AppData\Roaming\Captain of Industry\Mods\CargoHelicopter\heliport_t1_icon.png (512x512)
18:14:38.372  [Info] [CargoHelicopter] custom factory icon loaded from C:\Users\www\AppData\Roaming\Captain of Industry\Mods\CargoHelicopter\heli_icon.png (1024x1024)
18:14:38.564  [Info] [CargoHelicopter] custom factory icon loaded from C:\Users\www\AppData\Roaming\Captain of Industry\Mods\CargoHelicopter\heliport_t2_icon.png (512x512)
18:14:38.659  [Info] [CargoHelicopter] custom factory icon loaded from C:\Users\www\AppData\Roaming\Captain of Industry\Mods\CargoHelicopter\heli_icon_t2.png (1024x1024)
18:14:38.687  [Info] [CargoHelicopter] custom factory icon loaded from C:\Users\www\AppData\Roaming\Captain of Industry\Mods\CargoHelicopter\heli_icon_t3.png (1024x1024)
18:16:03.359  [Info] ResearchQueue: ResearchWindow found!
18:16:03.364  [Info] ResearchQueue: Using native MIN_WIDTH = 480
18:16:03.366  [Info] ResearchQueue: Deferred extraction succeeded on attempt 1!
18:16:03.527  [Info] ResearchQueue: Hooked native cancel button — queue will be preserved on native cancel
18:16:03.531  [Info] ResearchQueue: Queue panel injected into research tree!
18:33:37.183  [Info] Program termination requested.
18:33:37.197  [Info] UndergroundTransportMod : ============>  8 Remove UT Harmony patches
18:33:37.293  [Info] Core mod disposed
18:33:39.030  [Info] Terminating
18:33:39.112  [Info] Closing graylog logging.
18:33:39.118  [Info] Closing file logging
